// Jest Snapshot v1, https://goo.gl/fbAQLP

exports[`ui reducer should handler CHECK_ALL_TASKS action 1`] = `
Object {
  "payload": Immutable.List [
    Array [
      "id",
      "TEST_ID",
    ],
    Array [
      "message",
      "TEST_MESSAGE",
    ],
    Array [
      "completed",
      true,
    ],
    Array [
      "favorite",
      false,
    ],
    Array [
      "created",
      "TEST_CREATED",
    ],
    Array [
      "modified",
      "TEST_MODIFIED",
    ],
  ],
  "type": "CHECK_ALL_TASKS",
}
`;
